{
  "id": "2.3",
  "name": "Build Instructions",
  "checks": {
    "2.3.1": {
      "title": "Ensure all build steps are defined as code",
      "type": "BUILD",
      "entity": "Pipeline",
      "description": "Use Pipeline as Code for build pipelines and their defined steps.",
      "remediation": "Convert pipeline instructions into code-based syntax, and upload them to the organization's version control platform.",
      "url": "TBD",
      "scannerType": "Rego"
    },
    "2.3.5": {
      "title": "Ensure access to the build process's triggering is minimized",
      "type": "BUILD",
      "entity": "Pipeline",
      "description": "Restrict access to the pipelines' triggers.",
      "remediation": "For every pipeline in use, grant only the necessary members permission to trigger it.",
      "url": "TBD",
      "scannerType": "Rego"
    },
    "2.3.7": {
      "title": "Ensure pipelines are automatically scanned for vulnerabilities",
      "type": "BUILD",
      "entity": "Pipeline",
      "description": "Scan pipelines for vulnerabilities. It is recommended to do that automatically.",
      "remediation": "For each pipeline, set automated vulnerabilities scanning.",
      "url": "TBD",
      "scannerType": "Rego"
    },
    "2.3.8": {
      "title": "Ensure scanners are in place to identify and prevent sensitive data in pipeline files",
      "type": "BUILD",
      "entity": "Pipeline",
      "description": "Detect and prevent sensitive data, such as confidential ID numbers, passwords, etc. in pipelines.",
      "remediation": "For every pipeline that is in use, set scanners that will identify and prevent sensitive data in it.",
      "url": "TBD",
      "scannerType": "Rego"
    }
  }
}