{
    "id": 2,
    "text": "Build Pipelines",
    "type": "buildPipelines"
}